// Jest Snapshot v1, https://goo.gl/fbAQLP

exports[`renders presence list item WITHOUT quitter option 1`] = `
<View
  style={
    Object {
      "backgroundColor": "#FFFFFF",
      "borderRadius": 10,
      "justifyContent": "center",
      "marginBottom": 8,
    }
  }
>
  <View
    accessibilityState={
      Object {
        "busy": undefined,
        "checked": undefined,
        "disabled": undefined,
        "expanded": undefined,
        "selected": undefined,
      }
    }
    accessibilityValue={
      Object {
        "max": undefined,
        "min": undefined,
        "now": undefined,
        "text": undefined,
      }
    }
    accessible={true}
    collapsable={false}
    focusable={true}
    onClick={[Function]}
    onResponderGrant={[Function]}
    onResponderMove={[Function]}
    onResponderRelease={[Function]}
    onResponderTerminate={[Function]}
    onResponderTerminationRequest={[Function]}
    onStartShouldSetResponder={[Function]}
    style={
      Object {
        "alignItems": "center",
        "flexDirection": "row",
        "opacity": 1,
        "padding": 10,
      }
    }
    testID="presence-list:expand"
  >
    <View
      style={
        Object {
          "flex": 2,
        }
      }
    >
      <Text
        style={
          Object {
            "color": "#4D4F5C",
            "fontSize": 13,
            "fontWeight": "bold",
          }
        }
      >
        quitter option
      </Text>
    </View>
    <Text
      pointerEvents="none"
      selectable={false}
      style={
        Array [
          Object {
            "backgroundColor": "transparent",
          },
          Object {
            "color": "#00D953",
            "fontSize": 45,
          },
        ]
      }
      testID="feather-icon"
    >
      □
    </Text>
  </View>
  <View>
    <View
      style={
        Object {
          "paddingHorizontal": 16,
          "paddingVertical": 8,
        }
      }
    >
      <View>
        <Text
          style={
            Object {
              "color": "#4D4F5C",
              "fontSize": 11,
              "fontWeight": "bold",
            }
          }
        >
          Teste
           
        </Text>
      </View>
      <View
        style={
          Object {
            "alignItems": "center",
            "flexDirection": "row",
          }
        }
      >
        <Text
          style={
            Object {
              "color": "#4D4F5C",
              "fontSize": 11,
              "fontWeight": "bold",
            }
          }
        >
          Presença: 
        </Text>
        <View
          accessibilityState={
            Object {
              "busy": undefined,
              "checked": undefined,
              "disabled": false,
              "expanded": undefined,
              "selected": undefined,
            }
          }
          accessibilityValue={
            Object {
              "max": undefined,
              "min": undefined,
              "now": undefined,
              "text": undefined,
            }
          }
          accessible={true}
          collapsable={false}
          focusable={true}
          onClick={[Function]}
          onResponderGrant={[Function]}
          onResponderMove={[Function]}
          onResponderRelease={[Function]}
          onResponderTerminate={[Function]}
          onResponderTerminationRequest={[Function]}
          onStartShouldSetResponder={[Function]}
          style={
            Object {
              "alignItems": "center",
              "flexDirection": "row",
              "opacity": 1,
              "padding": 10,
            }
          }
          testID="presence-list:presence:0"
        >
          <Text
            pointerEvents="none"
            selectable={false}
            style={
              Array [
                Object {
                  "backgroundColor": "transparent",
                },
                Object {
                  "color": "#25BF60",
                  "fontSize": 24,
                },
              ]
            }
            testID="feather-icon"
          >
            □
          </Text>
        </View>
        <View
          accessibilityState={
            Object {
              "busy": undefined,
              "checked": undefined,
              "disabled": false,
              "expanded": undefined,
              "selected": undefined,
            }
          }
          accessibilityValue={
            Object {
              "max": undefined,
              "min": undefined,
              "now": undefined,
              "text": undefined,
            }
          }
          accessible={true}
          collapsable={false}
          focusable={true}
          onClick={[Function]}
          onResponderGrant={[Function]}
          onResponderMove={[Function]}
          onResponderRelease={[Function]}
          onResponderTerminate={[Function]}
          onResponderTerminationRequest={[Function]}
          onStartShouldSetResponder={[Function]}
          style={
            Object {
              "alignItems": "center",
              "flexDirection": "row",
              "opacity": 1,
              "padding": 10,
            }
          }
          testID="presence-list:abscence:0"
        >
          <Text
            pointerEvents="none"
            selectable={false}
            style={
              Array [
                Object {
                  "backgroundColor": "transparent",
                },
                Object {
                  "color": "#D8627D",
                  "fontSize": 24,
                },
              ]
            }
            testID="feather-icon"
          >
            □
          </Text>
        </View>
      </View>
    </View>
    <View
      style={
        Object {
          "paddingHorizontal": 16,
          "paddingVertical": 8,
        }
      }
    >
      <View>
        <Text
          style={
            Object {
              "color": "#4D4F5C",
              "fontSize": 11,
              "fontWeight": "bold",
            }
          }
        >
          oii
           
        </Text>
      </View>
      <View
        style={
          Object {
            "alignItems": "center",
            "flexDirection": "row",
          }
        }
      >
        <Text
          style={
            Object {
              "color": "#4D4F5C",
              "fontSize": 11,
              "fontWeight": "bold",
            }
          }
        >
          Presença: 
        </Text>
        <View
          accessibilityState={
            Object {
              "busy": undefined,
              "checked": undefined,
              "disabled": false,
              "expanded": undefined,
              "selected": undefined,
            }
          }
          accessibilityValue={
            Object {
              "max": undefined,
              "min": undefined,
              "now": undefined,
              "text": undefined,
            }
          }
          accessible={true}
          collapsable={false}
          focusable={true}
          onClick={[Function]}
          onResponderGrant={[Function]}
          onResponderMove={[Function]}
          onResponderRelease={[Function]}
          onResponderTerminate={[Function]}
          onResponderTerminationRequest={[Function]}
          onStartShouldSetResponder={[Function]}
          style={
            Object {
              "alignItems": "center",
              "flexDirection": "row",
              "opacity": 1,
              "padding": 10,
            }
          }
          testID="presence-list:presence:1"
        >
          <Text
            pointerEvents="none"
            selectable={false}
            style={
              Array [
                Object {
                  "backgroundColor": "transparent",
                },
                Object {
                  "color": "#25BF60",
                  "fontSize": 24,
                },
              ]
            }
            testID="feather-icon"
          >
            □
          </Text>
        </View>
        <View
          accessibilityState={
            Object {
              "busy": undefined,
              "checked": undefined,
              "disabled": false,
              "expanded": undefined,
              "selected": undefined,
            }
          }
          accessibilityValue={
            Object {
              "max": undefined,
              "min": undefined,
              "now": undefined,
              "text": undefined,
            }
          }
          accessible={true}
          collapsable={false}
          focusable={true}
          onClick={[Function]}
          onResponderGrant={[Function]}
          onResponderMove={[Function]}
          onResponderRelease={[Function]}
          onResponderTerminate={[Function]}
          onResponderTerminationRequest={[Function]}
          onStartShouldSetResponder={[Function]}
          style={
            Object {
              "alignItems": "center",
              "flexDirection": "row",
              "opacity": 1,
              "padding": 10,
            }
          }
          testID="presence-list:abscence:1"
        >
          <Text
            pointerEvents="none"
            selectable={false}
            style={
              Array [
                Object {
                  "backgroundColor": "transparent",
                },
                Object {
                  "color": "#D8627D",
                  "fontSize": 24,
                },
              ]
            }
            testID="feather-icon"
          >
            □
          </Text>
        </View>
      </View>
    </View>
    <View
      style={
        Object {
          "paddingHorizontal": 16,
          "paddingVertical": 8,
        }
      }
    >
      <View>
        <Text
          style={
            Object {
              "color": "#4D4F5C",
              "fontSize": 11,
              "fontWeight": "bold",
            }
          }
        >
          Test6e
           
        </Text>
      </View>
      <View
        style={
          Object {
            "alignItems": "center",
            "flexDirection": "row",
          }
        }
      >
        <Text
          style={
            Object {
              "color": "#4D4F5C",
              "fontSize": 11,
              "fontWeight": "bold",
            }
          }
        >
          Presença: 
        </Text>
        <View
          accessibilityState={
            Object {
              "busy": undefined,
              "checked": undefined,
              "disabled": false,
              "expanded": undefined,
              "selected": undefined,
            }
          }
          accessibilityValue={
            Object {
              "max": undefined,
              "min": undefined,
              "now": undefined,
              "text": undefined,
            }
          }
          accessible={true}
          collapsable={false}
          focusable={true}
          onClick={[Function]}
          onResponderGrant={[Function]}
          onResponderMove={[Function]}
          onResponderRelease={[Function]}
          onResponderTerminate={[Function]}
          onResponderTerminationRequest={[Function]}
          onStartShouldSetResponder={[Function]}
          style={
            Object {
              "alignItems": "center",
              "flexDirection": "row",
              "opacity": 1,
              "padding": 10,
            }
          }
          testID="presence-list:presence:2"
        >
          <Text
            pointerEvents="none"
            selectable={false}
            style={
              Array [
                Object {
                  "backgroundColor": "transparent",
                },
                Object {
                  "color": "#25BF60",
                  "fontSize": 24,
                },
              ]
            }
            testID="feather-icon"
          >
            □
          </Text>
        </View>
        <View
          accessibilityState={
            Object {
              "busy": undefined,
              "checked": undefined,
              "disabled": false,
              "expanded": undefined,
              "selected": undefined,
            }
          }
          accessibilityValue={
            Object {
              "max": undefined,
              "min": undefined,
              "now": undefined,
              "text": undefined,
            }
          }
          accessible={true}
          collapsable={false}
          focusable={true}
          onClick={[Function]}
          onResponderGrant={[Function]}
          onResponderMove={[Function]}
          onResponderRelease={[Function]}
          onResponderTerminate={[Function]}
          onResponderTerminationRequest={[Function]}
          onStartShouldSetResponder={[Function]}
          style={
            Object {
              "alignItems": "center",
              "flexDirection": "row",
              "opacity": 1,
              "padding": 10,
            }
          }
          testID="presence-list:abscence:2"
        >
          <Text
            pointerEvents="none"
            selectable={false}
            style={
              Array [
                Object {
                  "backgroundColor": "transparent",
                },
                Object {
                  "color": "#D8627D",
                  "fontSize": 24,
                },
              ]
            }
            testID="feather-icon"
          >
            □
          </Text>
        </View>
      </View>
    </View>
    <View
      style={
        Object {
          "paddingHorizontal": 16,
          "paddingVertical": 8,
        }
      }
    >
      <View>
        <Text
          style={
            Object {
              "color": "#4D4F5C",
              "fontSize": 11,
              "fontWeight": "bold",
            }
          }
        >
          Te5ste
           
        </Text>
      </View>
      <View
        style={
          Object {
            "alignItems": "center",
            "flexDirection": "row",
          }
        }
      >
        <Text
          style={
            Object {
              "color": "#4D4F5C",
              "fontSize": 11,
              "fontWeight": "bold",
            }
          }
        >
          Presença: 
        </Text>
        <View
          accessibilityState={
            Object {
              "busy": undefined,
              "checked": undefined,
              "disabled": false,
              "expanded": undefined,
              "selected": undefined,
            }
          }
          accessibilityValue={
            Object {
              "max": undefined,
              "min": undefined,
              "now": undefined,
              "text": undefined,
            }
          }
          accessible={true}
          collapsable={false}
          focusable={true}
          onClick={[Function]}
          onResponderGrant={[Function]}
          onResponderMove={[Function]}
          onResponderRelease={[Function]}
          onResponderTerminate={[Function]}
          onResponderTerminationRequest={[Function]}
          onStartShouldSetResponder={[Function]}
          style={
            Object {
              "alignItems": "center",
              "flexDirection": "row",
              "opacity": 1,
              "padding": 10,
            }
          }
          testID="presence-list:presence:3"
        >
          <Text
            pointerEvents="none"
            selectable={false}
            style={
              Array [
                Object {
                  "backgroundColor": "transparent",
                },
                Object {
                  "color": "#25BF60",
                  "fontSize": 24,
                },
              ]
            }
            testID="feather-icon"
          >
            □
          </Text>
        </View>
        <View
          accessibilityState={
            Object {
              "busy": undefined,
              "checked": undefined,
              "disabled": false,
              "expanded": undefined,
              "selected": undefined,
            }
          }
          accessibilityValue={
            Object {
              "max": undefined,
              "min": undefined,
              "now": undefined,
              "text": undefined,
            }
          }
          accessible={true}
          collapsable={false}
          focusable={true}
          onClick={[Function]}
          onResponderGrant={[Function]}
          onResponderMove={[Function]}
          onResponderRelease={[Function]}
          onResponderTerminate={[Function]}
          onResponderTerminationRequest={[Function]}
          onStartShouldSetResponder={[Function]}
          style={
            Object {
              "alignItems": "center",
              "flexDirection": "row",
              "opacity": 1,
              "padding": 10,
            }
          }
          testID="presence-list:abscence:3"
        >
          <Text
            pointerEvents="none"
            selectable={false}
            style={
              Array [
                Object {
                  "backgroundColor": "transparent",
                },
                Object {
                  "color": "#D8627D",
                  "fontSize": 24,
                },
              ]
            }
            testID="feather-icon"
          >
            □
          </Text>
        </View>
      </View>
    </View>
  </View>
</View>
`;

exports[`renders presence list item with quitter option 1`] = `
<View
  style={
    Object {
      "backgroundColor": "#FFFFFF",
      "borderRadius": 10,
      "justifyContent": "center",
      "marginBottom": 8,
    }
  }
>
  <View
    accessibilityState={
      Object {
        "busy": undefined,
        "checked": undefined,
        "disabled": undefined,
        "expanded": undefined,
        "selected": undefined,
      }
    }
    accessibilityValue={
      Object {
        "max": undefined,
        "min": undefined,
        "now": undefined,
        "text": undefined,
      }
    }
    accessible={true}
    collapsable={false}
    focusable={true}
    onClick={[Function]}
    onResponderGrant={[Function]}
    onResponderMove={[Function]}
    onResponderRelease={[Function]}
    onResponderTerminate={[Function]}
    onResponderTerminationRequest={[Function]}
    onStartShouldSetResponder={[Function]}
    style={
      Object {
        "alignItems": "center",
        "flexDirection": "row",
        "opacity": 1,
        "padding": 10,
      }
    }
    testID="presence-list:expand"
  >
    <View
      style={
        Object {
          "flex": 2,
        }
      }
    >
      <Text
        style={
          Object {
            "color": "#4D4F5C",
            "fontSize": 13,
            "fontWeight": "bold",
          }
        }
      >
        quitter option
      </Text>
    </View>
    <Text
      pointerEvents="none"
      selectable={false}
      style={
        Array [
          Object {
            "backgroundColor": "transparent",
          },
          Object {
            "color": "#00D953",
            "fontSize": 45,
          },
        ]
      }
      testID="feather-icon"
    >
      □
    </Text>
  </View>
  <View>
    <View
      style={
        Object {
          "paddingHorizontal": 16,
          "paddingVertical": 8,
        }
      }
    >
      <View>
        <Text
          style={
            Object {
              "color": "#4D4F5C",
              "fontSize": 11,
              "fontWeight": "bold",
            }
          }
        >
          Teste
           
        </Text>
      </View>
      <View
        style={
          Object {
            "alignItems": "center",
            "flexDirection": "row",
          }
        }
      >
        <Text
          style={
            Object {
              "color": "#4D4F5C",
              "fontSize": 11,
              "fontWeight": "bold",
            }
          }
        >
          Presença: 
        </Text>
        <View
          accessibilityState={
            Object {
              "busy": undefined,
              "checked": undefined,
              "disabled": false,
              "expanded": undefined,
              "selected": undefined,
            }
          }
          accessibilityValue={
            Object {
              "max": undefined,
              "min": undefined,
              "now": undefined,
              "text": undefined,
            }
          }
          accessible={true}
          collapsable={false}
          focusable={true}
          onClick={[Function]}
          onResponderGrant={[Function]}
          onResponderMove={[Function]}
          onResponderRelease={[Function]}
          onResponderTerminate={[Function]}
          onResponderTerminationRequest={[Function]}
          onStartShouldSetResponder={[Function]}
          style={
            Object {
              "alignItems": "center",
              "flexDirection": "row",
              "opacity": 1,
              "padding": 10,
            }
          }
          testID="presence-list:presence:0"
        >
          <Text
            pointerEvents="none"
            selectable={false}
            style={
              Array [
                Object {
                  "backgroundColor": "transparent",
                },
                Object {
                  "color": "#25BF60",
                  "fontSize": 24,
                },
              ]
            }
            testID="feather-icon"
          >
            □
          </Text>
        </View>
        <View
          accessibilityState={
            Object {
              "busy": undefined,
              "checked": undefined,
              "disabled": false,
              "expanded": undefined,
              "selected": undefined,
            }
          }
          accessibilityValue={
            Object {
              "max": undefined,
              "min": undefined,
              "now": undefined,
              "text": undefined,
            }
          }
          accessible={true}
          collapsable={false}
          focusable={true}
          onClick={[Function]}
          onResponderGrant={[Function]}
          onResponderMove={[Function]}
          onResponderRelease={[Function]}
          onResponderTerminate={[Function]}
          onResponderTerminationRequest={[Function]}
          onStartShouldSetResponder={[Function]}
          style={
            Object {
              "alignItems": "center",
              "flexDirection": "row",
              "opacity": 1,
              "padding": 10,
            }
          }
          testID="presence-list:abscence:0"
        >
          <Text
            pointerEvents="none"
            selectable={false}
            style={
              Array [
                Object {
                  "backgroundColor": "transparent",
                },
                Object {
                  "color": "#D8627D",
                  "fontSize": 24,
                },
              ]
            }
            testID="feather-icon"
          >
            □
          </Text>
        </View>
        <View
          accessibilityState={
            Object {
              "busy": undefined,
              "checked": undefined,
              "disabled": false,
              "expanded": undefined,
              "selected": undefined,
            }
          }
          accessibilityValue={
            Object {
              "max": undefined,
              "min": undefined,
              "now": undefined,
              "text": undefined,
            }
          }
          accessible={true}
          collapsable={false}
          focusable={true}
          onClick={[Function]}
          onResponderGrant={[Function]}
          onResponderMove={[Function]}
          onResponderRelease={[Function]}
          onResponderTerminate={[Function]}
          onResponderTerminationRequest={[Function]}
          onStartShouldSetResponder={[Function]}
          style={
            Object {
              "alignItems": "center",
              "flexDirection": "row",
              "opacity": 1,
              "padding": 10,
            }
          }
          testID="presence-list:quitter:0"
        >
          <Text
            pointerEvents="none"
            selectable={false}
            style={
              Array [
                Object {
                  "backgroundColor": "transparent",
                },
                Object {
                  "color": "#BFBFBF",
                  "fontSize": 24,
                },
              ]
            }
            testID="feather-icon"
          >
            □
          </Text>
        </View>
      </View>
    </View>
    <View
      style={
        Object {
          "paddingHorizontal": 16,
          "paddingVertical": 8,
        }
      }
    >
      <View>
        <Text
          style={
            Object {
              "color": "#4D4F5C",
              "fontSize": 11,
              "fontWeight": "bold",
            }
          }
        >
          oii
           
        </Text>
      </View>
      <View
        style={
          Object {
            "alignItems": "center",
            "flexDirection": "row",
          }
        }
      >
        <Text
          style={
            Object {
              "color": "#4D4F5C",
              "fontSize": 11,
              "fontWeight": "bold",
            }
          }
        >
          Presença: 
        </Text>
        <View
          accessibilityState={
            Object {
              "busy": undefined,
              "checked": undefined,
              "disabled": false,
              "expanded": undefined,
              "selected": undefined,
            }
          }
          accessibilityValue={
            Object {
              "max": undefined,
              "min": undefined,
              "now": undefined,
              "text": undefined,
            }
          }
          accessible={true}
          collapsable={false}
          focusable={true}
          onClick={[Function]}
          onResponderGrant={[Function]}
          onResponderMove={[Function]}
          onResponderRelease={[Function]}
          onResponderTerminate={[Function]}
          onResponderTerminationRequest={[Function]}
          onStartShouldSetResponder={[Function]}
          style={
            Object {
              "alignItems": "center",
              "flexDirection": "row",
              "opacity": 1,
              "padding": 10,
            }
          }
          testID="presence-list:presence:1"
        >
          <Text
            pointerEvents="none"
            selectable={false}
            style={
              Array [
                Object {
                  "backgroundColor": "transparent",
                },
                Object {
                  "color": "#25BF60",
                  "fontSize": 24,
                },
              ]
            }
            testID="feather-icon"
          >
            □
          </Text>
        </View>
        <View
          accessibilityState={
            Object {
              "busy": undefined,
              "checked": undefined,
              "disabled": false,
              "expanded": undefined,
              "selected": undefined,
            }
          }
          accessibilityValue={
            Object {
              "max": undefined,
              "min": undefined,
              "now": undefined,
              "text": undefined,
            }
          }
          accessible={true}
          collapsable={false}
          focusable={true}
          onClick={[Function]}
          onResponderGrant={[Function]}
          onResponderMove={[Function]}
          onResponderRelease={[Function]}
          onResponderTerminate={[Function]}
          onResponderTerminationRequest={[Function]}
          onStartShouldSetResponder={[Function]}
          style={
            Object {
              "alignItems": "center",
              "flexDirection": "row",
              "opacity": 1,
              "padding": 10,
            }
          }
          testID="presence-list:abscence:1"
        >
          <Text
            pointerEvents="none"
            selectable={false}
            style={
              Array [
                Object {
                  "backgroundColor": "transparent",
                },
                Object {
                  "color": "#D8627D",
                  "fontSize": 24,
                },
              ]
            }
            testID="feather-icon"
          >
            □
          </Text>
        </View>
        <View
          accessibilityState={
            Object {
              "busy": undefined,
              "checked": undefined,
              "disabled": false,
              "expanded": undefined,
              "selected": undefined,
            }
          }
          accessibilityValue={
            Object {
              "max": undefined,
              "min": undefined,
              "now": undefined,
              "text": undefined,
            }
          }
          accessible={true}
          collapsable={false}
          focusable={true}
          onClick={[Function]}
          onResponderGrant={[Function]}
          onResponderMove={[Function]}
          onResponderRelease={[Function]}
          onResponderTerminate={[Function]}
          onResponderTerminationRequest={[Function]}
          onStartShouldSetResponder={[Function]}
          style={
            Object {
              "alignItems": "center",
              "flexDirection": "row",
              "opacity": 1,
              "padding": 10,
            }
          }
          testID="presence-list:quitter:1"
        >
          <Text
            pointerEvents="none"
            selectable={false}
            style={
              Array [
                Object {
                  "backgroundColor": "transparent",
                },
                Object {
                  "color": "#BFBFBF",
                  "fontSize": 24,
                },
              ]
            }
            testID="feather-icon"
          >
            □
          </Text>
        </View>
      </View>
    </View>
    <View
      style={
        Object {
          "paddingHorizontal": 16,
          "paddingVertical": 8,
        }
      }
    >
      <View>
        <Text
          style={
            Object {
              "color": "#4D4F5C",
              "fontSize": 11,
              "fontWeight": "bold",
            }
          }
        >
          Test6e
           
        </Text>
      </View>
      <View
        style={
          Object {
            "alignItems": "center",
            "flexDirection": "row",
          }
        }
      >
        <Text
          style={
            Object {
              "color": "#4D4F5C",
              "fontSize": 11,
              "fontWeight": "bold",
            }
          }
        >
          Presença: 
        </Text>
        <View
          accessibilityState={
            Object {
              "busy": undefined,
              "checked": undefined,
              "disabled": false,
              "expanded": undefined,
              "selected": undefined,
            }
          }
          accessibilityValue={
            Object {
              "max": undefined,
              "min": undefined,
              "now": undefined,
              "text": undefined,
            }
          }
          accessible={true}
          collapsable={false}
          focusable={true}
          onClick={[Function]}
          onResponderGrant={[Function]}
          onResponderMove={[Function]}
          onResponderRelease={[Function]}
          onResponderTerminate={[Function]}
          onResponderTerminationRequest={[Function]}
          onStartShouldSetResponder={[Function]}
          style={
            Object {
              "alignItems": "center",
              "flexDirection": "row",
              "opacity": 1,
              "padding": 10,
            }
          }
          testID="presence-list:presence:2"
        >
          <Text
            pointerEvents="none"
            selectable={false}
            style={
              Array [
                Object {
                  "backgroundColor": "transparent",
                },
                Object {
                  "color": "#25BF60",
                  "fontSize": 24,
                },
              ]
            }
            testID="feather-icon"
          >
            □
          </Text>
        </View>
        <View
          accessibilityState={
            Object {
              "busy": undefined,
              "checked": undefined,
              "disabled": false,
              "expanded": undefined,
              "selected": undefined,
            }
          }
          accessibilityValue={
            Object {
              "max": undefined,
              "min": undefined,
              "now": undefined,
              "text": undefined,
            }
          }
          accessible={true}
          collapsable={false}
          focusable={true}
          onClick={[Function]}
          onResponderGrant={[Function]}
          onResponderMove={[Function]}
          onResponderRelease={[Function]}
          onResponderTerminate={[Function]}
          onResponderTerminationRequest={[Function]}
          onStartShouldSetResponder={[Function]}
          style={
            Object {
              "alignItems": "center",
              "flexDirection": "row",
              "opacity": 1,
              "padding": 10,
            }
          }
          testID="presence-list:abscence:2"
        >
          <Text
            pointerEvents="none"
            selectable={false}
            style={
              Array [
                Object {
                  "backgroundColor": "transparent",
                },
                Object {
                  "color": "#D8627D",
                  "fontSize": 24,
                },
              ]
            }
            testID="feather-icon"
          >
            □
          </Text>
        </View>
        <View
          accessibilityState={
            Object {
              "busy": undefined,
              "checked": undefined,
              "disabled": false,
              "expanded": undefined,
              "selected": undefined,
            }
          }
          accessibilityValue={
            Object {
              "max": undefined,
              "min": undefined,
              "now": undefined,
              "text": undefined,
            }
          }
          accessible={true}
          collapsable={false}
          focusable={true}
          onClick={[Function]}
          onResponderGrant={[Function]}
          onResponderMove={[Function]}
          onResponderRelease={[Function]}
          onResponderTerminate={[Function]}
          onResponderTerminationRequest={[Function]}
          onStartShouldSetResponder={[Function]}
          style={
            Object {
              "alignItems": "center",
              "flexDirection": "row",
              "opacity": 1,
              "padding": 10,
            }
          }
          testID="presence-list:quitter:2"
        >
          <Text
            pointerEvents="none"
            selectable={false}
            style={
              Array [
                Object {
                  "backgroundColor": "transparent",
                },
                Object {
                  "color": "#BFBFBF",
                  "fontSize": 24,
                },
              ]
            }
            testID="feather-icon"
          >
            □
          </Text>
        </View>
      </View>
    </View>
    <View
      style={
        Object {
          "paddingHorizontal": 16,
          "paddingVertical": 8,
        }
      }
    >
      <View>
        <Text
          style={
            Object {
              "color": "#4D4F5C",
              "fontSize": 11,
              "fontWeight": "bold",
            }
          }
        >
          Te5ste
           
        </Text>
      </View>
      <View
        style={
          Object {
            "alignItems": "center",
            "flexDirection": "row",
          }
        }
      >
        <Text
          style={
            Object {
              "color": "#4D4F5C",
              "fontSize": 11,
              "fontWeight": "bold",
            }
          }
        >
          Presença: 
        </Text>
        <View
          accessibilityState={
            Object {
              "busy": undefined,
              "checked": undefined,
              "disabled": false,
              "expanded": undefined,
              "selected": undefined,
            }
          }
          accessibilityValue={
            Object {
              "max": undefined,
              "min": undefined,
              "now": undefined,
              "text": undefined,
            }
          }
          accessible={true}
          collapsable={false}
          focusable={true}
          onClick={[Function]}
          onResponderGrant={[Function]}
          onResponderMove={[Function]}
          onResponderRelease={[Function]}
          onResponderTerminate={[Function]}
          onResponderTerminationRequest={[Function]}
          onStartShouldSetResponder={[Function]}
          style={
            Object {
              "alignItems": "center",
              "flexDirection": "row",
              "opacity": 1,
              "padding": 10,
            }
          }
          testID="presence-list:presence:3"
        >
          <Text
            pointerEvents="none"
            selectable={false}
            style={
              Array [
                Object {
                  "backgroundColor": "transparent",
                },
                Object {
                  "color": "#25BF60",
                  "fontSize": 24,
                },
              ]
            }
            testID="feather-icon"
          >
            □
          </Text>
        </View>
        <View
          accessibilityState={
            Object {
              "busy": undefined,
              "checked": undefined,
              "disabled": false,
              "expanded": undefined,
              "selected": undefined,
            }
          }
          accessibilityValue={
            Object {
              "max": undefined,
              "min": undefined,
              "now": undefined,
              "text": undefined,
            }
          }
          accessible={true}
          collapsable={false}
          focusable={true}
          onClick={[Function]}
          onResponderGrant={[Function]}
          onResponderMove={[Function]}
          onResponderRelease={[Function]}
          onResponderTerminate={[Function]}
          onResponderTerminationRequest={[Function]}
          onStartShouldSetResponder={[Function]}
          style={
            Object {
              "alignItems": "center",
              "flexDirection": "row",
              "opacity": 1,
              "padding": 10,
            }
          }
          testID="presence-list:abscence:3"
        >
          <Text
            pointerEvents="none"
            selectable={false}
            style={
              Array [
                Object {
                  "backgroundColor": "transparent",
                },
                Object {
                  "color": "#D8627D",
                  "fontSize": 24,
                },
              ]
            }
            testID="feather-icon"
          >
            □
          </Text>
        </View>
        <View
          accessibilityState={
            Object {
              "busy": undefined,
              "checked": undefined,
              "disabled": false,
              "expanded": undefined,
              "selected": undefined,
            }
          }
          accessibilityValue={
            Object {
              "max": undefined,
              "min": undefined,
              "now": undefined,
              "text": undefined,
            }
          }
          accessible={true}
          collapsable={false}
          focusable={true}
          onClick={[Function]}
          onResponderGrant={[Function]}
          onResponderMove={[Function]}
          onResponderRelease={[Function]}
          onResponderTerminate={[Function]}
          onResponderTerminationRequest={[Function]}
          onStartShouldSetResponder={[Function]}
          style={
            Object {
              "alignItems": "center",
              "flexDirection": "row",
              "opacity": 1,
              "padding": 10,
            }
          }
          testID="presence-list:quitter:3"
        >
          <Text
            pointerEvents="none"
            selectable={false}
            style={
              Array [
                Object {
                  "backgroundColor": "transparent",
                },
                Object {
                  "color": "#BFBFBF",
                  "fontSize": 24,
                },
              ]
            }
            testID="feather-icon"
          >
            □
          </Text>
        </View>
      </View>
    </View>
  </View>
</View>
`;
